// Jest Snapshot v1, https://goo.gl/fbAQLP

exports[`formatStackName() converts a project name to a stack name 1`] = `"CodeLikeACarpenterToolingCommon"`;

exports[`formatStackName() converts a project name to a stack name 2`] = `"CodeLikeACarpenterFoundationIntermediateRepresentation"`;

exports[`formatStackName() converts a project name to a stack name 3`] = `"AwsOtel"`;

exports[`formatStackName() converts a project name to a stack name 4`] = `"CheckRunReporter"`;

exports[`formatStackName() converts a project name to a stack name in ci 1`] = `"ci--CodeLikeACarpenterToolingCommon-f7d69db"`;

exports[`formatStackName() converts a project name to a stack name in ci 2`] = `"ci--CodeLikeACarpenterToolingCommon-openapiTypescript6-f7d69db"`;

exports[`formatStackName() converts a project name to a stack name in ci 3`] = `"ci--CodeLikeACarpenterToolingCommon-openapiTypescript6-f7d69db"`;

exports[`formatStackName() converts a project name to a stack name in ci 4`] = `"ci--CodeLikeACarpenterToolingCommon-f7d69db"`;

exports[`formatStackName() converts a project name to a stack name in ci 5`] = `"ci--CodeLikeACarpenterToolingCommon-openapiTypescript6-f7d69db"`;

exports[`formatStackName() converts a project name to a stack name in ci 6`] = `"ci--CodeLikeACarpenterFoundationIntermediateRepresentation-f7d69db"`;

exports[`formatStackName() converts a project name to a stack name in ci 7`] = `"ci--CodeLikeACarpenterFoundationIntermediateRepresentation-openapiTypescript6-f7d69db"`;

exports[`formatStackName() converts a project name to a stack name in ci 8`] = `"ci--CodeLikeACarpenterFoundationIntermediateRepresentation-openapiTypescript6-f7d69db"`;

exports[`formatStackName() converts a project name to a stack name in ci 9`] = `"ci--CodeLikeACarpenterFoundationIntermediateRepresentation-f7d69db"`;

exports[`formatStackName() converts a project name to a stack name in ci 10`] = `"ci--CodeLikeACarpenterFoundationIntermediateRepresentation-openapiTypescript6-f7d69db"`;

exports[`formatStackName() converts a project name to a stack name in ci 11`] = `"ci--AwsOtel-f7d69db"`;

exports[`formatStackName() converts a project name to a stack name in ci 12`] = `"ci--AwsOtel-openapiTypescript6-f7d69db"`;

exports[`formatStackName() converts a project name to a stack name in ci 13`] = `"ci--AwsOtel-openapiTypescript6-f7d69db"`;

exports[`formatStackName() converts a project name to a stack name in ci 14`] = `"ci--AwsOtel-f7d69db"`;

exports[`formatStackName() converts a project name to a stack name in ci 15`] = `"ci--AwsOtel-openapiTypescript6-f7d69db"`;

exports[`formatStackName() converts a project name to a stack name in ci 16`] = `"ci--CheckRunReporter-f7d69db"`;

exports[`formatStackName() converts a project name to a stack name in ci 17`] = `"ci--CheckRunReporter-openapiTypescript6-f7d69db"`;

exports[`formatStackName() converts a project name to a stack name in ci 18`] = `"ci--CheckRunReporter-openapiTypescript6-f7d69db"`;

exports[`formatStackName() converts a project name to a stack name in ci 19`] = `"ci--CheckRunReporter-f7d69db"`;

exports[`formatStackName() converts a project name to a stack name in ci 20`] = `"ci--CheckRunReporter-openapiTypescript6-f7d69db"`;

exports[`formatStackName() converts a project name to a stack name in ci in prod 1`] = `"CodeLikeACarpenterToolingCommon"`;

exports[`formatStackName() converts a project name to a stack name in ci in prod 2`] = `"CodeLikeACarpenterToolingCommon"`;

exports[`formatStackName() converts a project name to a stack name in ci in prod 3`] = `"CodeLikeACarpenterToolingCommon"`;

exports[`formatStackName() converts a project name to a stack name in ci in prod 4`] = `"CodeLikeACarpenterToolingCommon"`;

exports[`formatStackName() converts a project name to a stack name in ci in prod 5`] = `"CodeLikeACarpenterToolingCommon"`;

exports[`formatStackName() converts a project name to a stack name in ci in prod 6`] = `"CodeLikeACarpenterFoundationIntermediateRepresentation"`;

exports[`formatStackName() converts a project name to a stack name in ci in prod 7`] = `"CodeLikeACarpenterFoundationIntermediateRepresentation"`;

exports[`formatStackName() converts a project name to a stack name in ci in prod 8`] = `"CodeLikeACarpenterFoundationIntermediateRepresentation"`;

exports[`formatStackName() converts a project name to a stack name in ci in prod 9`] = `"CodeLikeACarpenterFoundationIntermediateRepresentation"`;

exports[`formatStackName() converts a project name to a stack name in ci in prod 10`] = `"CodeLikeACarpenterFoundationIntermediateRepresentation"`;

exports[`formatStackName() converts a project name to a stack name in ci in prod 11`] = `"AwsOtel"`;

exports[`formatStackName() converts a project name to a stack name in ci in prod 12`] = `"AwsOtel"`;

exports[`formatStackName() converts a project name to a stack name in ci in prod 13`] = `"AwsOtel"`;

exports[`formatStackName() converts a project name to a stack name in ci in prod 14`] = `"AwsOtel"`;

exports[`formatStackName() converts a project name to a stack name in ci in prod 15`] = `"AwsOtel"`;

exports[`formatStackName() converts a project name to a stack name in ci in prod 16`] = `"CheckRunReporter"`;

exports[`formatStackName() converts a project name to a stack name in ci in prod 17`] = `"CheckRunReporter"`;

exports[`formatStackName() converts a project name to a stack name in ci in prod 18`] = `"CheckRunReporter"`;

exports[`formatStackName() converts a project name to a stack name in ci in prod 19`] = `"CheckRunReporter"`;

exports[`formatStackName() converts a project name to a stack name in ci in prod 20`] = `"CheckRunReporter"`;
